// Jest Snapshot v1, https://goo.gl/fbAQLP

exports[`render snapshop testing renders correctly 1`] = `
initialize {
  "0": Object {
    "attribs": Object {
      "class": "content",
    },
    "children": Array [
      Object {
        "attribs": Object {
          "for": "average_cubic_weight",
        },
        "children": Array [
          Object {
            "data": "average cubic weight:",
            "next": null,
            "parent": [Circular],
            "prev": null,
            "type": "text",
          },
        ],
        "name": "label",
        "namespace": "http://www.w3.org/1999/xhtml",
        "next": Object {
          "attribs": Object {
            "style": "display:inline",
          },
          "children": Array [
            Object {
              "data": "0kg",
              "next": null,
              "parent": [Circular],
              "prev": null,
              "type": "text",
            },
          ],
          "name": "p",
          "namespace": "http://www.w3.org/1999/xhtml",
          "next": Object {
            "attribs": Object {},
            "children": Array [],
            "name": "br",
            "namespace": "http://www.w3.org/1999/xhtml",
            "next": Object {
              "attribs": Object {},
              "children": Array [
                Object {
                  "data": "Calculate Weight",
                  "next": null,
                  "parent": [Circular],
                  "prev": null,
                  "type": "text",
                },
              ],
              "name": "button",
              "namespace": "http://www.w3.org/1999/xhtml",
              "next": null,
              "parent": [Circular],
              "prev": [Circular],
              "type": "tag",
              "x-attribsNamespace": Object {},
              "x-attribsPrefix": Object {},
            },
            "parent": [Circular],
            "prev": [Circular],
            "type": "tag",
            "x-attribsNamespace": Object {},
            "x-attribsPrefix": Object {},
          },
          "parent": [Circular],
          "prev": [Circular],
          "type": "tag",
          "x-attribsNamespace": Object {
            "style": undefined,
          },
          "x-attribsPrefix": Object {
            "style": undefined,
          },
        },
        "parent": [Circular],
        "prev": null,
        "type": "tag",
        "x-attribsNamespace": Object {
          "for": undefined,
        },
        "x-attribsPrefix": Object {
          "for": undefined,
        },
      },
      Object {
        "attribs": Object {
          "style": "display:inline",
        },
        "children": Array [
          Object {
            "data": "0kg",
            "next": null,
            "parent": [Circular],
            "prev": null,
            "type": "text",
          },
        ],
        "name": "p",
        "namespace": "http://www.w3.org/1999/xhtml",
        "next": Object {
          "attribs": Object {},
          "children": Array [],
          "name": "br",
          "namespace": "http://www.w3.org/1999/xhtml",
          "next": Object {
            "attribs": Object {},
            "children": Array [
              Object {
                "data": "Calculate Weight",
                "next": null,
                "parent": [Circular],
                "prev": null,
                "type": "text",
              },
            ],
            "name": "button",
            "namespace": "http://www.w3.org/1999/xhtml",
            "next": null,
            "parent": [Circular],
            "prev": [Circular],
            "type": "tag",
            "x-attribsNamespace": Object {},
            "x-attribsPrefix": Object {},
          },
          "parent": [Circular],
          "prev": [Circular],
          "type": "tag",
          "x-attribsNamespace": Object {},
          "x-attribsPrefix": Object {},
        },
        "parent": [Circular],
        "prev": Object {
          "attribs": Object {
            "for": "average_cubic_weight",
          },
          "children": Array [
            Object {
              "data": "average cubic weight:",
              "next": null,
              "parent": [Circular],
              "prev": null,
              "type": "text",
            },
          ],
          "name": "label",
          "namespace": "http://www.w3.org/1999/xhtml",
          "next": [Circular],
          "parent": [Circular],
          "prev": null,
          "type": "tag",
          "x-attribsNamespace": Object {
            "for": undefined,
          },
          "x-attribsPrefix": Object {
            "for": undefined,
          },
        },
        "type": "tag",
        "x-attribsNamespace": Object {
          "style": undefined,
        },
        "x-attribsPrefix": Object {
          "style": undefined,
        },
      },
      Object {
        "attribs": Object {},
        "children": Array [],
        "name": "br",
        "namespace": "http://www.w3.org/1999/xhtml",
        "next": Object {
          "attribs": Object {},
          "children": Array [
            Object {
              "data": "Calculate Weight",
              "next": null,
              "parent": [Circular],
              "prev": null,
              "type": "text",
            },
          ],
          "name": "button",
          "namespace": "http://www.w3.org/1999/xhtml",
          "next": null,
          "parent": [Circular],
          "prev": [Circular],
          "type": "tag",
          "x-attribsNamespace": Object {},
          "x-attribsPrefix": Object {},
        },
        "parent": [Circular],
        "prev": Object {
          "attribs": Object {
            "style": "display:inline",
          },
          "children": Array [
            Object {
              "data": "0kg",
              "next": null,
              "parent": [Circular],
              "prev": null,
              "type": "text",
            },
          ],
          "name": "p",
          "namespace": "http://www.w3.org/1999/xhtml",
          "next": [Circular],
          "parent": [Circular],
          "prev": Object {
            "attribs": Object {
              "for": "average_cubic_weight",
            },
            "children": Array [
              Object {
                "data": "average cubic weight:",
                "next": null,
                "parent": [Circular],
                "prev": null,
                "type": "text",
              },
            ],
            "name": "label",
            "namespace": "http://www.w3.org/1999/xhtml",
            "next": [Circular],
            "parent": [Circular],
            "prev": null,
            "type": "tag",
            "x-attribsNamespace": Object {
              "for": undefined,
            },
            "x-attribsPrefix": Object {
              "for": undefined,
            },
          },
          "type": "tag",
          "x-attribsNamespace": Object {
            "style": undefined,
          },
          "x-attribsPrefix": Object {
            "style": undefined,
          },
        },
        "type": "tag",
        "x-attribsNamespace": Object {},
        "x-attribsPrefix": Object {},
      },
      Object {
        "attribs": Object {},
        "children": Array [
          Object {
            "data": "Calculate Weight",
            "next": null,
            "parent": [Circular],
            "prev": null,
            "type": "text",
          },
        ],
        "name": "button",
        "namespace": "http://www.w3.org/1999/xhtml",
        "next": null,
        "parent": [Circular],
        "prev": Object {
          "attribs": Object {},
          "children": Array [],
          "name": "br",
          "namespace": "http://www.w3.org/1999/xhtml",
          "next": [Circular],
          "parent": [Circular],
          "prev": Object {
            "attribs": Object {
              "style": "display:inline",
            },
            "children": Array [
              Object {
                "data": "0kg",
                "next": null,
                "parent": [Circular],
                "prev": null,
                "type": "text",
              },
            ],
            "name": "p",
            "namespace": "http://www.w3.org/1999/xhtml",
            "next": [Circular],
            "parent": [Circular],
            "prev": Object {
              "attribs": Object {
                "for": "average_cubic_weight",
              },
              "children": Array [
                Object {
                  "data": "average cubic weight:",
                  "next": null,
                  "parent": [Circular],
                  "prev": null,
                  "type": "text",
                },
              ],
              "name": "label",
              "namespace": "http://www.w3.org/1999/xhtml",
              "next": [Circular],
              "parent": [Circular],
              "prev": null,
              "type": "tag",
              "x-attribsNamespace": Object {
                "for": undefined,
              },
              "x-attribsPrefix": Object {
                "for": undefined,
              },
            },
            "type": "tag",
            "x-attribsNamespace": Object {
              "style": undefined,
            },
            "x-attribsPrefix": Object {
              "style": undefined,
            },
          },
          "type": "tag",
          "x-attribsNamespace": Object {},
          "x-attribsPrefix": Object {},
        },
        "type": "tag",
        "x-attribsNamespace": Object {},
        "x-attribsPrefix": Object {},
      },
    ],
    "name": "div",
    "namespace": "http://www.w3.org/1999/xhtml",
    "next": null,
    "parent": null,
    "prev": null,
    "root": Object {
      "attribs": Object {},
      "children": Array [
        [Circular],
      ],
      "name": "root",
      "namespace": "http://www.w3.org/1999/xhtml",
      "next": null,
      "parent": null,
      "prev": null,
      "type": "root",
      "x-attribsNamespace": Object {},
      "x-attribsPrefix": Object {},
    },
    "type": "tag",
    "x-attribsNamespace": Object {
      "class": undefined,
    },
    "x-attribsPrefix": Object {
      "class": undefined,
    },
  },
  "_root": [Circular],
  "length": 1,
  "options": Object {
    "decodeEntities": true,
    "normalizeWhitespace": false,
    "withDomLvl1": true,
    "xml": false,
  },
}
`;
